PS D:\LG> git branch
* main
  xyz
PS D:\LG> git push origi main:main
fatal: 'origi' does not appear to be a git repository
fatal: Could not read from remote repository.

Please make sure you have the correct access rights
and the repository exists.
PS D:\LG> git push origin main:main
Everything up-to-date
PS D:\LG> git push -u origin main:main
warning: branch.main.remote has multiple values
warning: branch.main.merge has multiple values
Everything up-to-date
branch 'main' set up to track 'origin/main'.
PS D:\LG> git push -u *
fatal: '*' does not appear to be a git repository
fatal: Could not read from remote repository.

Please make sure you have the correct access rights
and the repository exists.
PS D:\LG> git branch -vv
* main a8092be [origin/main] dd
  xyz  a8092be [origin/xyz] dd
PS D:\LG> git push
fatal: The current branch main has multiple upstream branches, refusing to push.
PS D:\LG> git push origin main
Everything up-to-date
PS D:\LG> git push origin main:main
Everything up-to-date
PS D:\LG> git push origin main:xyz
Everything up-to-date
PS D:\LG> git push -u origin main:xyz
warning: branch.main.remote has multiple values
warning: branch.main.merge has multiple values
Everything up-to-date
branch 'main' set up to track 'origin/xyz'.
PS D:\LG> git push -u origin main:main
warning: branch.main.remote has multiple values
warning: branch.main.merge has multiple values
Everything up-to-date
branch 'main' set up to track 'origin/main'.
PS D:\LG> git status
On branch main
Your branch is up to date with 'origin/main'.

Changes to be committed:
  (use "git restore --staged <file>..." to unstage)
        new file:   New folder (2)/cancellcheque.jpg
        new file:   New folder (2)/cashlessauthrizationletter.jpg
        new file:   New folder (2)/invoice1.jpg
        new file:   New folder (2)/plot_map1.jpg
        new file:   New folder (2)/postinvoice.jpg
        new file:   New folder (2)/preinvoice.jpg

PS D:\LG> git restore --staged
fatal: you must specify path(s) to restore
PS D:\LG> git restore --staged *
PS D:\LG> git status
On branch main
Your branch is up to date with 'origin/main'.

Untracked files:
  (use "git add <file>..." to include in what will be committed)
        New folder (2)/

nothing added to commit but untracked files present (use "git add" to track)
PS D:\LG> git add .
PS D:\LG> git status
On branch main
Your branch is up to date with 'origin/main'.

Changes to be committed:
  (use "git restore --staged <file>..." to unstage)
        new file:   New folder (2)/cancellcheque.jpg
        new file:   New folder (2)/cashlessauthrizationletter.jpg
        new file:   New folder (2)/invoice1.jpg
        new file:   New folder (2)/plot_map1.jpg
        new file:   New folder (2)/postinvoice.jpg
        new file:   New folder (2)/preinvoice.jpg

PS D:\LG> git commit
Aborting commit due to empty commit message.
PS D:\LG> git push
fatal: The current branch main has multiple upstream branches, refusing to push.
PS D:\LG> git pull
Already up to date.
PS D:\LG> git branch
* main
  xyz
PS D:\LG> git branch --v
* main a8092be dd
  xyz  a8092be dd
PS D:\LG> git branch -vv
* main a8092be [origin/main] dd
  xyz  a8092be [origin/xyz] dd
PS D:\LG> git push -u origin/main
fatal: 'origin/main' does not appear to be a git repository
fatal: Could not read from remote repository.

Please make sure you have the correct access rights
and the repository exists.
PS D:\LG> git push -u origin main
warning: branch.main.remote has multiple values
warning: branch.main.merge has multiple values
Everything up-to-date
branch 'main' set up to track 'origin/main'.
PS D:\LG> git push -u origin main:main
warning: branch.main.remote has multiple values
warning: branch.main.merge has multiple values
Everything up-to-date
branch 'main' set up to track 'origin/main'.
PS D:\LG> git push -u origin main:main xyz:xyz
warning: branch.main.remote has multiple values
warning: branch.main.merge has multiple values
Everything up-to-date
branch 'main' set up to track 'origin/main'.
branch 'xyz' set up to track 'origin/xyz'.
PS D:\LG> git push -u
fatal: The current branch main has multiple upstream branches, refusing to push.
PS D:\LG> git push --set-upstream origin master
error: src refspec master does not match any
error: failed to push some refs to 'https://github.com/kondurusairam/LG.git'
PS D:\LG> git push --set-upstream origin
fatal: The current branch main has multiple upstream branches, refusing to push.
PS D:\LG> git push --set-upstream main
fatal: 'main' does not appear to be a git repository
fatal: Could not read from remote repository.

Please make sure you have the correct access rights
and the repository exists.
PS D:\LG> git push --set-upstream origin:main
ssh: Could not resolve hostname origin: Name or service not known
fatal: Could not read from remote repository.

Please make sure you have the correct access rights
and the repository exists.
PS D:\LG> git push --set-upstream origin xyz
Everything up-to-date
branch 'xyz' set up to track 'origin/xyz'.
PS D:\LG> git checkoiut xyz
git: 'checkoiut' is not a git command. See 'git --help'.

The most similar command is
        checkout
PS D:\LG> git checkout xyz
Switched to branch 'xyz'
A       New folder (2)/cancellcheque.jpg
A       New folder (2)/cashlessauthrizationletter.jpg
A       New folder (2)/invoice1.jpg
A       New folder (2)/plot_map1.jpg
A       New folder (2)/postinvoice.jpg
A       New folder (2)/preinvoice.jpg
Your branch is up to date with 'origin/xyz'.
PS D:\LG> git status
On branch xyz
Your branch is up to date with 'origin/xyz'.

Changes to be committed:
  (use "git restore --staged <file>..." to unstage)
        new file:   New folder (2)/cancellcheque.jpg
        new file:   New folder (2)/cashlessauthrizationletter.jpg
        new file:   New folder (2)/invoice1.jpg
        new file:   New folder (2)/plot_map1.jpg
        new file:   New folder (2)/postinvoice.jpg
        new file:   New folder (2)/preinvoice.jpg

PS D:\LG> git push
Everything up-to-date
PS D:\LG> git restore --staged *
PS D:\LG> git status
On branch xyz
Your branch is up to date with 'origin/xyz'.

Untracked files:
  (use "git add <file>..." to include in what will be committed)
        New folder (2)/

nothing added to commit but untracked files present (use "git add" to track)
PS D:\LG> git add .
PS D:\LG> git status
On branch xyz
Your branch is up to date with 'origin/xyz'.

Changes to be committed:
  (use "git restore --staged <file>..." to unstage)
        new file:   New folder (2)/cancellcheque.jpg
        new file:   New folder (2)/cashlessauthrizationletter.jpg
        new file:   New folder (2)/invoice1.jpg
        new file:   New folder (2)/plot_map1.jpg
        new file:   New folder (2)/postinvoice.jpg
        new file:   New folder (2)/preinvoice.jpg

PS D:\LG> git commit -m "sa"
[xyz 17b723c] sa
 6 files changed, 0 insertions(+), 0 deletions(-)
 create mode 100644 New folder (2)/cancellcheque.jpg
 create mode 100644 New folder (2)/cashlessauthrizationletter.jpg
 create mode 100644 New folder (2)/invoice1.jpg
 create mode 100644 New folder (2)/plot_map1.jpg
 create mode 100644 New folder (2)/postinvoice.jpg
 create mode 100644 New folder (2)/preinvoice.jpg
PS D:\LG> git push
Enumerating objects: 4, done.
Counting objects: 100% (4/4), done.
Delta compression using up to 8 threads
Compressing objects: 100% (3/3), done.
Writing objects: 100% (3/3), 484 bytes | 484.00 KiB/s, done.
Total 3 (delta 1), reused 0 (delta 0), pack-reused 0
remote: Resolving deltas: 100% (1/1), completed with 1 local object.
To https://github.com/kondurusairam/LG.git
   a8092be..17b723c  xyz -> xyz
PS D:\LG> git branch --v
  main a8092be dd
* xyz  17b723c sa
PS D:\LG> git branch -vv
  main a8092be [origin/main] dd
* xyz  17b723c [origin/xyz] sa
PS D:\LG> git checkout main
Switched to branch 'main'
Your branch is up to date with 'origin/main'.
PS D:\LG> git merge xyz
Updating a8092be..17b723c
Fast-forward
 New folder (2)/cancellcheque.jpg              | Bin 0 -> 2028642 bytes
 New folder (2)/cashlessauthrizationletter.jpg | Bin 0 -> 67927 bytes
 New folder (2)/invoice1.jpg                   | Bin 0 -> 95894 bytes
 New folder (2)/plot_map1.jpg                  | Bin 0 -> 72356 bytes
 New folder (2)/postinvoice.jpg                | Bin 0 -> 162815 bytes
 New folder (2)/preinvoice.jpg                 | Bin 0 -> 152250 bytes
 6 files changed, 0 insertions(+), 0 deletions(-)
 create mode 100644 New folder (2)/cancellcheque.jpg
 create mode 100644 New folder (2)/cashlessauthrizationletter.jpg
 create mode 100644 New folder (2)/invoice1.jpg
 create mode 100644 New folder (2)/plot_map1.jpg
 create mode 100644 New folder (2)/postinvoice.jpg
 create mode 100644 New folder (2)/preinvoice.jpg
PS D:\LG> git add *
PS D:\LG> git commit
On branch main
Your branch is ahead of 'origin/main' by 1 commit.
  (use "git push" to publish your local commits)

nothing to commit, working tree clean
PS D:\LG> git push
fatal: The current branch main has multiple upstream branches, refusing to push.
PS D:\LG> git push --set-upstream origin main
Total 0 (delta 0), reused 0 (delta 0), pack-reused 0
To https://github.com/kondurusairam/LG.git
   a8092be..17b723c  main -> main
warning: branch.main.remote has multiple values
warning: branch.main.merge has multiple values
branch 'main' set up to track 'origin/main'.
PS D:\LG>